npm notice run npx
npm notice run 'hyperframes' render --quality delivery --fps 30 --workers 2 --output ../brag.mp4

◆  Rendering composition → /Users/junaidahamad/github/log_watchdog/brag-output/brag.mp4
   30fps · high · 2 workers
   GPU: browser GPU (auto-detect)

[?25l│
◒  Checking browser[1G[J◐  Checking browser[1G[J◇  Browser: cache
[?25h
  Lint: 0 error(s), 6 warning(s) — run with --lint-verbose for full output.
  Continuing render despite lint issues. Use --strict to block errors.

[INFO] [Render] Pipeline started {"renderJobId":"2921c0b9-ef8f-455d-8028-3038d6fc3b45","platform":"darwin","arch":"arm64","nodeVersion":"v26.0.0","fps":{"num":30,"den":1},"format":"mp4","quality":"high","browserGpuMode":"auto","forceScreenshot":false,"protocolTimeout":300000,"browserTimeout":120000,"pageNavigationTimeout":60000,"playerReadyTimeout":45000}
[INFO] [Render:trace] {"renderJobId":"2921c0b9-ef8f-455d-8028-3038d6fc3b45","phase":"pipeline","status":"checkpoint","elapsedMs":2,"message":"started","format":"mp4","quality":"high","browserGpuMode":"auto","forceScreenshot":false,"protocolTimeoutMs":300000,"pageNavigationTimeoutMs":60000,"playerReadyTimeoutMs":45000,"requestedWorkers":2}
[INFO] [Render:trace] {"renderJobId":"2921c0b9-ef8f-455d-8028-3038d6fc3b45","phase":"compile","status":"start","elapsedMs":4,"needsAlpha":false}
  █░░░░░░░░░░░░░░░░░░░░░░░░  5%  Compiling composition
[INFO] [Compiler] Fetched 11 font face(s) for "Inter" from Google Fonts (cached to /Users/junaidahamad/.cache/hyperframes/fonts/inter)
[INFO] [Compiler] Injected deterministic @font-face rules for 1 requested font families
[INFO] Compiled composition metadata {"renderJobId":"2921c0b9-ef8f-455d-8028-3038d6fc3b45","entryFile":"index.html","staticDuration":18,"width":1920,"height":1080,"videoCount":0,"audioCount":3,"renderModeHints":{"recommendScreenshot":false,"reasons":[]}}
[INFO] [Render:trace] {"renderJobId":"2921c0b9-ef8f-455d-8028-3038d6fc3b45","phase":"compile","status":"end","elapsedMs":334,"durationMs":330,"needsAlpha":false}
[INFO] [Render:trace] {"renderJobId":"2921c0b9-ef8f-455d-8028-3038d6fc3b45","phase":"compile","status":"checkpoint","elapsedMs":335,"message":"composition metadata resolved","width":1920,"height":1080,"videoCount":0,"audioCount":3,"imageCount":6,"deviceScaleFactor":1,"forceScreenshot":false,"compositionHash":"f204a53743d7d1e3"}
[INFO] [Render:trace] {"renderJobId":"2921c0b9-ef8f-455d-8028-3038d6fc3b45","phase":"browser_probe","status":"start","elapsedMs":335,"forceScreenshot":false,"stagePhase":"calibrating"}
[INFO] [Render:trace] {"renderJobId":"2921c0b9-ef8f-455d-8028-3038d6fc3b45","phase":"browser_probe","status":"end","elapsedMs":398,"durationMs":63,"forceScreenshot":false,"stagePhase":"calibrating"}
[INFO] [Render:trace] {"renderJobId":"2921c0b9-ef8f-455d-8028-3038d6fc3b45","phase":"browser_probe","status":"checkpoint","elapsedMs":399,"message":"duration resolved","durationSeconds":18,"totalFrames":540,"compositionHash":"f204a53743d7d1e3","beginFrameStalled":false}
[INFO] [Render:trace] {"renderJobId":"2921c0b9-ef8f-455d-8028-3038d6fc3b45","phase":"video_extract","status":"start","elapsedMs":399,"videoCount":0}
  ██░░░░░░░░░░░░░░░░░░░░░░░  10%  Extracting video frames
[INFO] [Render:trace] {"renderJobId":"2921c0b9-ef8f-455d-8028-3038d6fc3b45","phase":"video_extract","status":"end","elapsedMs":400,"durationMs":1,"videoCount":0}
[INFO] [Render:trace] {"renderJobId":"2921c0b9-ef8f-455d-8028-3038d6fc3b45","phase":"video_extract","status":"checkpoint","elapsedMs":401,"message":"frames resolved","videoCount":0,"extractedVideoCount":0,"totalFramesExtracted":0,"maxFramesPerVideo":0,"avgFramesPerExtractedVideo":null,"vfrPreflightCount":null,"vfrPreflightMs":null,"cacheHits":null,"cacheMisses":null,"transientRetries":null,"minVideoFrameCoverageRatio":null,"authoredTimedClipCount":9}
[INFO] [Render] No HDR sources detected — rendering SDR {"renderJobId":"2921c0b9-ef8f-455d-8028-3038d6fc3b45"}
[INFO] [Render:trace] {"renderJobId":"2921c0b9-ef8f-455d-8028-3038d6fc3b45","phase":"hdr_detection","status":"checkpoint","elapsedMs":401,"message":"resolved","requestedHdrMode":"auto","effectiveHdr":"sdr","nativeHdrVideoCount":0,"nativeHdrImageCount":0}
[INFO] [Render:trace] {"renderJobId":"2921c0b9-ef8f-455d-8028-3038d6fc3b45","phase":"audio_process","status":"start","elapsedMs":401,"audioCount":3}
  █████░░░░░░░░░░░░░░░░░░░░  20%  Processing audio tracks
[INFO] [Render:trace] {"renderJobId":"2921c0b9-ef8f-455d-8028-3038d6fc3b45","phase":"audio_process","status":"end","elapsedMs":706,"durationMs":305,"audioCount":3}
[INFO] [Render:trace] {"renderJobId":"2921c0b9-ef8f-455d-8028-3038d6fc3b45","phase":"file_server","status":"start","elapsedMs":706,"reused":false}
  ██████░░░░░░░░░░░░░░░░░░░  25%  Starting frame capture
[INFO] [Render:trace] {"renderJobId":"2921c0b9-ef8f-455d-8028-3038d6fc3b45","phase":"file_server","status":"end","elapsedMs":710,"durationMs":4}
[hyperframes] browserGpuMode probe → hardware (WebGL renderer vendor="Google Inc. (Apple)" renderer="ANGLE (Apple, ANGLE Metal Renderer: Apple M4, Unspecified Version)")
[INFO] [Render:trace] {"renderJobId":"2921c0b9-ef8f-455d-8028-3038d6fc3b45","phase":"capture_calibration","status":"checkpoint","elapsedMs":872,"message":"skipped","requestedWorkers":2,"totalFrames":540,"htmlInCanvasDetected":false,"lowMemoryMode":false,"deInversionEligible":false,"deParallelRouterEligible":false}
[INFO] [Render:trace] {"renderJobId":"2921c0b9-ef8f-455d-8028-3038d6fc3b45","phase":"worker_resolution","status":"checkpoint","elapsedMs":872,"message":"resolved","workerCount":2}
[INFO] [Render] Fast capture: default-on drawElement disabled for this render — parallel capture has no runtime self-verification. Set PRODUCER_EXPERIMENTAL_FAST_CAPTURE=true to override. {"renderJobId":"2921c0b9-ef8f-455d-8028-3038d6fc3b45"}
[INFO] streaming-encode gate {"renderJobId":"2921c0b9-ef8f-455d-8028-3038d6fc3b45","enabled":false,"reason":"multi_worker","configFlag":true,"durationCapEnabled":false,"outputFormat":"mp4","workerCount":2,"durationSeconds":18,"maxDurationSeconds":240}
[INFO] [Render:trace] {"renderJobId":"2921c0b9-ef8f-455d-8028-3038d6fc3b45","phase":"capture_strategy","status":"checkpoint","elapsedMs":872,"message":"resolved","workerCount":2,"forceScreenshot":false,"captureBeyondViewport":null,"useStreamingEncode":false,"useLayeredComposite":false,"usePageSideCompositing":false,"hasHdrContent":false,"hasShaderTransitions":false,"isPngSequence":false}
[INFO] [Render:trace] {"renderJobId":"2921c0b9-ef8f-455d-8028-3038d6fc3b45","phase":"capture_disk","status":"start","elapsedMs":872,"stagePhase":"capturing","needsAlpha":false,"workerCount":2,"forceScreenshot":false,"totalFrames":540,"framesCompleted":0,"captureMode":"screenshot","captureOperation":"captureScreenshot"}
  ██████░░░░░░░░░░░░░░░░░░░  25%  Capturing frame 0/540 (2 workers)
  ██████░░░░░░░░░░░░░░░░░░░  25%  Capturing frame 0/540 (2 workers)
[BrowserManager] Browser launched (HeadlessChrome/152.0.7977.30, screenshot, gl=--use-gl=angle --use-angle=metal, headlessShell=true, platform=darwin)
  ██████░░░░░░░░░░░░░░░░░░░  25%  Capturing frame 0/540 (2 workers)
[initSession:screenshot] page.goto start (0ms)
  ██████░░░░░░░░░░░░░░░░░░░  25%  Capturing frame 0/540 (2 workers)
  ██████░░░░░░░░░░░░░░░░░░░  25%  Capturing frame 0/540 (2 workers)
[initSession:screenshot] page.goto start (0ms)
  ██████░░░░░░░░░░░░░░░░░░░  25%  Capturing frame 0/540 (2 workers)
[HyperFrames] render runtime fps [object Object]
[HyperFrames] render runtime fps [object Object]
[initSession:screenshot] page.goto complete (125ms)
[initSession:screenshot] page.goto complete (129ms)
[initSession:screenshot] GSAP proxy flush complete (136ms)
[initSession:screenshot] GSAP proxy flush complete (137ms)
[initSession:screenshot] pollHfReady complete (137ms)
[initSession:screenshot] pollHfReady complete (138ms)
[initSession:screenshot] pollSubCompositionTimelines complete (ready) (138ms)
[initSession:screenshot] applyVideoMetadataHints complete (138ms)
[initSession:screenshot] pollSubCompositionTimelines complete (ready) (140ms)
[initSession:screenshot] applyVideoMetadataHints complete (140ms)
[initSession:screenshot] media + fonts + tailwind ready (152ms)
[initSession:screenshot] media + fonts + tailwind ready (158ms)
[initSession:screenshot] static-frame dedup: disabled (eligible) (157ms)
  ██████░░░░░░░░░░░░░░░░░░░  25%  Capturing frame 0/540 (2 workers)
[initSession:screenshot] static-frame dedup: disabled (eligible) (163ms)
  ██████░░░░░░░░░░░░░░░░░░░  25%  Capturing frame 0/540 (2 workers)
  ███████░░░░░░░░░░░░░░░░░░  28%  Capturing frame 30/540 (2 workers)
  ███████░░░░░░░░░░░░░░░░░░  30%  Capturing frame 60/540 (2 workers)
  ████████░░░░░░░░░░░░░░░░░  33%  Capturing frame 90/540 (2 workers)
  ████████░░░░░░░░░░░░░░░░░  35%  Capturing frame 120/540 (2 workers)
  █████████░░░░░░░░░░░░░░░░  38%  Capturing frame 150/540 (2 workers)
  ██████████░░░░░░░░░░░░░░░  40%  Capturing frame 180/540 (2 workers)
  ██████████░░░░░░░░░░░░░░░  43%  Capturing frame 210/540 (2 workers)
  ███████████░░░░░░░░░░░░░░  45%  Capturing frame 240/540 (2 workers)
  ████████████░░░░░░░░░░░░░  48%  Capturing frame 270/540 (2 workers)
  ████████████░░░░░░░░░░░░░  50%  Capturing frame 300/540 (2 workers)
  █████████████░░░░░░░░░░░░  53%  Capturing frame 330/540 (2 workers)
  █████████████░░░░░░░░░░░░  55%  Capturing frame 360/540 (2 workers)
  ██████████████░░░░░░░░░░░  58%  Capturing frame 390/540 (2 workers)
  ███████████████░░░░░░░░░░  60%  Capturing frame 420/540 (2 workers)
  ███████████████░░░░░░░░░░  63%  Capturing frame 450/540 (2 workers)
  ████████████████░░░░░░░░░  65%  Capturing frame 480/540 (2 workers)
  █████████████████░░░░░░░░  68%  Capturing frame 510/540 (2 workers)
  █████████████████░░░░░░░░  70%  Capturing frame 540/540 (2 workers)
[INFO] [Render:trace] {"renderJobId":"2921c0b9-ef8f-455d-8028-3038d6fc3b45","phase":"capture_disk","status":"end","elapsedMs":15389,"durationMs":14517,"stagePhase":"capturing","needsAlpha":false,"workerCount":2,"forceScreenshot":false,"totalFrames":540,"framesCompleted":540,"captureMode":"screenshot","captureOperation":"encode"}
[INFO] [Render:trace] {"renderJobId":"2921c0b9-ef8f-455d-8028-3038d6fc3b45","phase":"encode","status":"start","elapsedMs":15390,"stagePhase":"capturing","hasAudio":true,"isPngSequence":false,"isGif":false,"chunkedEncode":false,"workerCount":2,"forceScreenshot":false,"totalFrames":540,"framesCompleted":540,"captureMode":"screenshot","captureOperation":"encode"}
  ██████████████████░░░░░░░  75%  Encoding video
[INFO] [Render:trace] {"renderJobId":"2921c0b9-ef8f-455d-8028-3038d6fc3b45","phase":"encode","status":"end","elapsedMs":20680,"durationMs":5290,"stagePhase":"capturing","hasAudio":true,"isPngSequence":false,"isGif":false,"chunkedEncode":false,"workerCount":2,"forceScreenshot":false,"totalFrames":540,"framesCompleted":540,"captureMode":"screenshot","captureOperation":"encode"}
[INFO] [Render:trace] {"renderJobId":"2921c0b9-ef8f-455d-8028-3038d6fc3b45","phase":"assemble","status":"start","elapsedMs":20683,"stagePhase":"capturing","hasAudio":true,"workerCount":2,"forceScreenshot":false,"totalFrames":540,"framesCompleted":540,"captureMode":"screenshot","captureOperation":"encode"}
  ██████████████████████░░░  90%  Assembling final video
[INFO] [Render:trace] {"renderJobId":"2921c0b9-ef8f-455d-8028-3038d6fc3b45","phase":"assemble","status":"end","elapsedMs":22014,"durationMs":1331,"stagePhase":"capturing","hasAudio":true,"workerCount":2,"forceScreenshot":false,"totalFrames":540,"framesCompleted":540,"captureMode":"screenshot","captureOperation":"encode"}
[INFO] [Render:trace] {"renderJobId":"2921c0b9-ef8f-455d-8028-3038d6fc3b45","phase":"pipeline","status":"checkpoint","elapsedMs":22114,"message":"artifact validated","totalElapsedMs":22106}
  █████████████████████████  100%  Render complete

◇  /Users/junaidahamad/github/log_watchdog/brag-output/brag.mp4
   3.8 MB · 18.0s video · rendered in 22.2s
   screenshot capture · hardware gpu · compile 0.4s · extract 0.0s · audio 0.3s · probe 0.1s · setup 0.2s · capture 14.5s · encode 5.3s · assemble 1.3s
